2026-09-01 14:19:19.163 - server_metrics_manager - INFO - Server Metrics: Discovered 1 endpoints: ['http://localhost:30000/metrics']
2026-09-01 14:19:19.186 - GPUTelemetryJSONLWriter_bbb971e3 - INFO - GPU telemetry export enabled: /home/philip/repos/kai-bench/client/sglang/gemma-4/E2B-it/gpu_telemetry_export.jsonl
2026-09-01 14:19:19.195 - OTelMetricsResultsProcessor_d2e4a0b9 - INFO - Telemetry streaming is disabled (set --otel-url and/or --mlflow-tracking-uri to enable)
2026-09-01 14:19:19.196 - RecordExportJSONLWriter_47ef9219 - INFO - Record metrics export enabled: /home/philip/repos/kai-bench/client/sglang/gemma-4/E2B-it/profile_export.jsonl
2026-09-01 14:19:19.231 - system_controller - INFO - Registered Server Metrics Manager (id: 'server_metrics_manager')
2026-09-01 14:19:19.233 - system_controller - INFO - Registered Worker Manager (id: 'worker_manager')
2026-09-01 14:19:19.377 - system_controller - INFO - Registered Gpu Telemetry Manager (id: 'gpu_telemetry_manager')
2026-09-01 14:19:19.377 - system_controller - INFO - Registered Dataset Manager (id: 'dataset_manager')
2026-09-01 14:19:19.378 - system_controller - INFO - Registered Records Manager (id: 'records_manager')
2026-09-01 14:19:19.416 - system_controller - INFO - Registered Record Processor (id: 'record_processor_005d4260')
2026-09-01 14:19:19.461 - system_controller - INFO - Registered Timing Manager (id: 'timing_manager')
2026-09-01 14:19:19.628 - system_controller - INFO - AIPerf System is CONFIGURING
2026-09-01 14:19:19.628 - system_controller - INFO - Configuring all services to start profiling
2026-09-01 14:19:19.630 - timing_manager - INFO - Waiting for dataset to be configured before configuring timing
2026-09-01 14:19:19.631 - InferenceResultParser_4075570e - INFO - Configuring tokenizers for inference result parser (resolve_alias: True)
2026-09-01 14:19:19.632 - dataset_manager - INFO - Configuring tokenizer(s) for dataset manager
2026-09-01 14:19:19.644 - system_controller - INFO - Server metrics disabled - no Prometheus endpoints reachable
2026-09-01 14:19:19.644 - system_controller - INFO - Waiting for result domains: profile, telemetry
2026-09-01 14:19:19.653 - gpu_telemetry_manager - WARNING - GPU Telemetry: http://localhost:9400/metrics is not reachable
2026-09-01 14:19:19.656 - gpu_telemetry_manager - WARNING - GPU Telemetry: http://localhost:9401/metrics is not reachable
2026-09-01 14:19:19.659 - system_controller - INFO - DCGM telemetry skipped: no telemetry sources reachable
2026-09-01 14:19:19.659 - system_controller - INFO - Waiting for result domains: profile
2026-09-01 14:19:19.694 - system_controller - INFO - Registered Worker (id: 'worker_bbd66e4a')
2026-09-01 14:19:21.077 - httpx - INFO - HTTP Request: GET https://huggingface.co/api/agent-harnesses "HTTP/1.1 200 OK"
2026-09-01 14:19:21.116 - httpx - INFO - HTTP Request: GET https://huggingface.co/api/agent-harnesses "HTTP/1.1 200 OK"
2026-09-01 14:19:21.197 - httpx - INFO - HTTP Request: HEAD https://huggingface.co/google/gemma-4-E2B-it/resolve/main/config.json "HTTP/1.1 307 Temporary Redirect"
2026-09-01 14:19:21.197 - huggingface_hub.utils._http - WARNING - Warning: You are sending unauthenticated requests to the HF Hub. Please set a HF_TOKEN to enable higher rate limits and faster downloads.
2026-09-01 14:19:21.206 - httpx - INFO - HTTP Request: HEAD https://huggingface.co/api/resolve-cache/models/google/gemma-4-E2B-it/3e22461f65e89153144f8adb70e3b8c2cc9845a7/config.json "HTTP/1.1 200 OK"
2026-09-01 14:19:21.236 - httpx - INFO - HTTP Request: HEAD https://huggingface.co/google/gemma-4-E2B-it/resolve/main/config.json "HTTP/1.1 307 Temporary Redirect"
2026-09-01 14:19:21.237 - huggingface_hub.utils._http - WARNING - Warning: You are sending unauthenticated requests to the HF Hub. Please set a HF_TOKEN to enable higher rate limits and faster downloads.
2026-09-01 14:19:21.246 - httpx - INFO - HTTP Request: HEAD https://huggingface.co/api/resolve-cache/models/google/gemma-4-E2B-it/3e22461f65e89153144f8adb70e3b8c2cc9845a7/config.json "HTTP/1.1 200 OK"
2026-09-01 14:19:21.400 - httpx - INFO - HTTP Request: HEAD https://huggingface.co/google/gemma-4-E2B-it/resolve/main/tokenizer_config.json "HTTP/1.1 307 Temporary Redirect"
2026-09-01 14:19:21.410 - httpx - INFO - HTTP Request: HEAD https://huggingface.co/api/resolve-cache/models/google/gemma-4-E2B-it/3e22461f65e89153144f8adb70e3b8c2cc9845a7/tokenizer_config.json "HTTP/1.1 200 OK"
2026-09-01 14:19:21.460 - httpx - INFO - HTTP Request: HEAD https://huggingface.co/google/gemma-4-E2B-it/resolve/main/tokenizer_config.json "HTTP/1.1 307 Temporary Redirect"
2026-09-01 14:19:21.469 - httpx - INFO - HTTP Request: HEAD https://huggingface.co/api/resolve-cache/models/google/gemma-4-E2B-it/3e22461f65e89153144f8adb70e3b8c2cc9845a7/tokenizer_config.json "HTTP/1.1 200 OK"
2026-09-01 14:19:21.550 - httpx - INFO - HTTP Request: GET https://huggingface.co/api/models/google/gemma-4-E2B-it/tree/main/additional_chat_templates?recursive=false&expand=false "HTTP/1.1 404 Not Found"
2026-09-01 14:19:21.599 - httpx - INFO - HTTP Request: GET https://huggingface.co/api/models/google/gemma-4-E2B-it/tree/main/additional_chat_templates?recursive=false&expand=false "HTTP/1.1 404 Not Found"
2026-09-01 14:19:21.675 - httpx - INFO - HTTP Request: GET https://huggingface.co/api/models/google/gemma-4-E2B-it/tree/main?recursive=true&expand=false "HTTP/1.1 200 OK"
2026-09-01 14:19:21.724 - httpx - INFO - HTTP Request: GET https://huggingface.co/api/models/google/gemma-4-E2B-it/tree/main?recursive=true&expand=false "HTTP/1.1 200 OK"
2026-09-01 14:19:24.329 - httpx - INFO - HTTP Request: GET https://huggingface.co/api/models/google/gemma-4-E2B-it "HTTP/1.1 200 OK"
2026-09-01 14:19:24.329 - httpx - INFO - HTTP Request: GET https://huggingface.co/api/models/google/gemma-4-E2B-it "HTTP/1.1 200 OK"
2026-09-01 14:19:24.403 - dataset_manager - INFO - Tokenizer(s) configured in 4.77 seconds
2026-09-01 14:19:24.403 - dataset_manager - INFO - Configuring dataset for dataset_manager
2026-09-01 14:19:24.404 - InferenceResultParser_4075570e - INFO - Initialized tokenizers: {'google/gemma-4-E2B-it': {'class': 'GemmaTokenizer', 'name_or_path': 'google/gemma-4-E2B-it'}} in 4.77 seconds
2026-09-01 14:19:25.725 - MemoryMapDatasetBackingStore_841b5a48 - INFO - Memory-mapped backing store initialized (streaming to /tmp/aiperf_mmap_a6546226d6b8/dataset.dat)
2026-09-01 14:19:25.770 - MemoryMapDatasetBackingStore_841b5a48 - INFO - Data file finalized: 100 conversations, 0.53 MB
2026-09-01 14:19:25.772 - MemoryMapDatasetBackingStore_841b5a48 - INFO - Index file created: /tmp/aiperf_mmap_a6546226d6b8/index.dat
2026-09-01 14:19:25.772 - dataset_manager - INFO - Backing store finalized: client_type=DatasetClientStoreType.MEMORY_MAP format=MemoryMapFormat.CONVERSATION data_file_path=PosixPath('/tmp/aiperf_mmap_a6546226d6b8/dataset.dat') index_file_path=PosixPath('/tmp/aiperf_mmap_a6546226d6b8/index.dat') conversation_count=100 total_size_bytes=555807 compressed=False compressed_data_file_path=None compressed_index_file_path=None compressed_size_bytes=0
2026-09-01 14:19:25.774 - dataset_manager - INFO - sampling strategy: sequential, unique conversations: 100, unique turn count: 100
2026-09-01 14:19:25.775 - dataset_manager - INFO - Generating inputs.json file at /home/philip/repos/kai-bench/client/sglang/gemma-4/E2B-it/inputs.json
2026-09-01 14:19:25.779 - system_controller - WARNING - Received command response for service we were not expecting: worker_bbd66e4a. Ignoring.
2026-09-01 14:19:25.780 - dataset_manager - INFO - inputs.json file generated in 0.00 seconds
2026-09-01 14:19:25.786 - PhaseOrchestrator_f4c68ad0 - INFO - Initialized 1 phase(s): ['Profiling']
2026-09-01 14:19:25.909 - dataset_manager - INFO - Dataset client initialized and freed 100 conversations from memory
2026-09-01 14:19:25.909 - dataset_manager - INFO - Dataset configured in 1.51 seconds
2026-09-01 14:19:25.942 - system_controller - INFO - All services configured in 6.31 seconds
2026-09-01 14:19:25.942 - system_controller - INFO - AIPerf System is CONFIGURED
2026-09-01 14:19:25.948 - RateTiming - INFO - Creating interval generator: pattern=concurrency_burst, rate=None, smoothness=None
2026-09-01 14:19:25.948 - PhaseRunner - NOTICE - Phase profiling (profiling) started | phase_index=0 | profiling_index=0 | target: 10 requests
2026-09-01 14:19:25.952 - records_manager - INFO - Credit phase start: profiling
2026-09-01 14:19:26.281 - system_controller - INFO - All services started profiling successfully
2026-09-01 14:19:26.281 - system_controller - INFO - AIPerf System is PROFILING
2026-09-01 14:20:35.852 - PhaseRunner - NOTICE - Phase profiling (profiling) sending complete | sent=10, completed=9, in_flight=1 | sessions: sent=10, completed=9
2026-09-01 14:20:35.854 - records_manager - INFO - Sent 10 requests. Waiting for all to complete...
2026-09-01 14:20:44.260 - PhaseRunner - NOTICE - Phase profiling (profiling) complete | completed=10, cancelled=0, errors=0 | sessions: completed=10, cancelled=0 | elapsed=78.31s
2026-09-01 14:20:44.260 - PhaseOrchestrator_f4c68ad0 - NOTICE - All credits completed
2026-09-01 14:20:44.262 - records_manager - INFO - Received CREDIT_PHASE_COMPLETE message, Phase complete: PhaseRecordsStats(phase=CreditPhase.PROFILING, phase_index=0, profiling_index=0, phase_name='profiling', phase_kind='profiling', start_ns=1788265165948811408, sent_end_ns=1788265235852580896, requests_end_ns=1788265244259633952, baseline_start_ns=1788265165948783648, baseline_end_ns=1788265244259644192, total_expected_requests=10, expected_duration_sec=None, expected_num_sessions=None, expected_grace_period_sec=None, final_requests_sent=None, final_requests_completed=10, final_requests_cancelled=0, final_request_errors=0, final_sent_sessions=None, final_completed_sessions=None, final_cancelled_sessions=None, timeout_triggered=False, grace_period_timeout_triggered=False, was_cancelled=False, records_end_ns=None, success_records=9, error_records=0)
2026-09-01 14:20:44.262 - records_manager - NOTICE - All requests have completed, please wait for the results to be processed (currently 9 of 10 records processed)...
2026-09-01 14:20:44.263 - records_manager - INFO - All credits complete, please wait for the results to be processed...
2026-09-01 14:20:44.269 - records_manager - INFO - Processed 10 valid requests and 0 errors (10 total).
2026-09-01 14:20:44.270 - records_manager - INFO - Received all records, processing now...
2026-09-01 14:20:44.273 - records_manager - INFO - Waiting 2.0s for server metrics flush period...
2026-09-01 14:20:44.277 - system_controller - INFO - Received credits complete from 'timing_manager'
2026-09-01 14:20:46.261 - records_manager - INFO - Processing records results...
2026-09-01 14:20:46.270 - records_manager - INFO - _finalize_and_process_results completed
2026-09-01 14:20:46.271 - system_controller - INFO - All results received, initiating shutdown
2026-09-01 14:20:47.065 - ExporterManager - INFO - Exporting all records
2026-09-01 14:20:47.112 - ExporterManager - INFO - Exporting console data
2026-09-01 19:10:59.812 - server_metrics_manager - INFO - Server Metrics: Discovered 1 endpoints: ['http://localhost:30000/metrics']
2026-09-01 19:10:59.864 - system_controller - INFO - Registered Server Metrics Manager (id: 'server_metrics_manager')
2026-09-01 19:10:59.867 - system_controller - INFO - Registered Worker Manager (id: 'worker_manager')
2026-09-01 19:10:59.947 - GPUTelemetryJSONLWriter_80a51119 - INFO - GPU telemetry export enabled: /home/philip/repos/kai-bench/client/sglang/gemma-4/E2B-it/gpu_telemetry_export.jsonl
2026-09-01 19:10:59.996 - OTelMetricsResultsProcessor_16f55508 - INFO - Telemetry streaming is disabled (set --otel-url and/or --mlflow-tracking-uri to enable)
2026-09-01 19:11:00.003 - RecordExportJSONLWriter_b9709e94 - INFO - Record metrics export enabled: /home/philip/repos/kai-bench/client/sglang/gemma-4/E2B-it/profile_export.jsonl
2026-09-01 19:11:00.078 - system_controller - INFO - Registered Gpu Telemetry Manager (id: 'gpu_telemetry_manager')
2026-09-01 19:11:00.079 - system_controller - INFO - Registered Dataset Manager (id: 'dataset_manager')
2026-09-01 19:11:00.123 - system_controller - INFO - Registered Record Processor (id: 'record_processor_db60bfd6')
2026-09-01 19:11:00.138 - system_controller - INFO - Registered Records Manager (id: 'records_manager')
2026-09-01 19:11:00.170 - system_controller - INFO - Registered Timing Manager (id: 'timing_manager')
2026-09-01 19:11:00.255 - system_controller - INFO - AIPerf System is CONFIGURING
2026-09-01 19:11:00.255 - system_controller - INFO - Configuring all services to start profiling
2026-09-01 19:11:00.257 - InferenceResultParser_f4606feb - INFO - Configuring tokenizers for inference result parser (resolve_alias: True)
2026-09-01 19:11:00.257 - timing_manager - INFO - Waiting for dataset to be configured before configuring timing
2026-09-01 19:11:00.258 - dataset_manager - INFO - Configuring tokenizer(s) for dataset manager
2026-09-01 19:11:00.271 - system_controller - INFO - Server metrics disabled - no Prometheus endpoints reachable
2026-09-01 19:11:00.272 - system_controller - INFO - Waiting for result domains: profile, telemetry
2026-09-01 19:11:00.284 - gpu_telemetry_manager - WARNING - GPU Telemetry: http://localhost:9400/metrics is not reachable
2026-09-01 19:11:00.290 - gpu_telemetry_manager - WARNING - GPU Telemetry: http://localhost:9401/metrics is not reachable
2026-09-01 19:11:00.293 - system_controller - INFO - DCGM telemetry skipped: no telemetry sources reachable
2026-09-01 19:11:00.293 - system_controller - INFO - Waiting for result domains: profile
2026-09-01 19:11:00.387 - system_controller - INFO - Registered Worker (id: 'worker_2f6c46cf')
2026-09-01 19:11:01.922 - httpx - INFO - HTTP Request: GET https://huggingface.co/api/agent-harnesses "HTTP/1.1 200 OK"
2026-09-01 19:11:01.949 - httpx - INFO - HTTP Request: GET https://huggingface.co/api/agent-harnesses "HTTP/1.1 200 OK"
2026-09-01 19:11:02.043 - httpx - INFO - HTTP Request: HEAD https://huggingface.co/google/gemma-4-E2B-it/resolve/main/config.json "HTTP/1.1 307 Temporary Redirect"
2026-09-01 19:11:02.044 - huggingface_hub.utils._http - WARNING - Warning: You are sending unauthenticated requests to the HF Hub. Please set a HF_TOKEN to enable higher rate limits and faster downloads.
2026-09-01 19:11:02.054 - httpx - INFO - HTTP Request: HEAD https://huggingface.co/api/resolve-cache/models/google/gemma-4-E2B-it/3e22461f65e89153144f8adb70e3b8c2cc9845a7/config.json "HTTP/1.1 200 OK"
2026-09-01 19:11:02.070 - httpx - INFO - HTTP Request: HEAD https://huggingface.co/google/gemma-4-E2B-it/resolve/main/config.json "HTTP/1.1 307 Temporary Redirect"
2026-09-01 19:11:02.071 - huggingface_hub.utils._http - WARNING - Warning: You are sending unauthenticated requests to the HF Hub. Please set a HF_TOKEN to enable higher rate limits and faster downloads.
2026-09-01 19:11:02.079 - httpx - INFO - HTTP Request: HEAD https://huggingface.co/api/resolve-cache/models/google/gemma-4-E2B-it/3e22461f65e89153144f8adb70e3b8c2cc9845a7/config.json "HTTP/1.1 200 OK"
2026-09-01 19:11:02.229 - httpx - INFO - HTTP Request: HEAD https://huggingface.co/google/gemma-4-E2B-it/resolve/main/tokenizer_config.json "HTTP/1.1 307 Temporary Redirect"
2026-09-01 19:11:02.240 - httpx - INFO - HTTP Request: HEAD https://huggingface.co/api/resolve-cache/models/google/gemma-4-E2B-it/3e22461f65e89153144f8adb70e3b8c2cc9845a7/tokenizer_config.json "HTTP/1.1 200 OK"
2026-09-01 19:11:02.368 - httpx - INFO - HTTP Request: GET https://huggingface.co/api/models/google/gemma-4-E2B-it/tree/main/additional_chat_templates?recursive=false&expand=false "HTTP/1.1 404 Not Found"
2026-09-01 19:11:02.407 - httpx - INFO - HTTP Request: HEAD https://huggingface.co/google/gemma-4-E2B-it/resolve/main/tokenizer_config.json "HTTP/1.1 307 Temporary Redirect"
2026-09-01 19:11:02.417 - httpx - INFO - HTTP Request: HEAD https://huggingface.co/api/resolve-cache/models/google/gemma-4-E2B-it/3e22461f65e89153144f8adb70e3b8c2cc9845a7/tokenizer_config.json "HTTP/1.1 200 OK"
2026-09-01 19:11:02.494 - httpx - INFO - HTTP Request: GET https://huggingface.co/api/models/google/gemma-4-E2B-it/tree/main?recursive=true&expand=false "HTTP/1.1 200 OK"
2026-09-01 19:11:02.569 - httpx - INFO - HTTP Request: GET https://huggingface.co/api/models/google/gemma-4-E2B-it/tree/main/additional_chat_templates?recursive=false&expand=false "HTTP/1.1 404 Not Found"
2026-09-01 19:11:02.692 - httpx - INFO - HTTP Request: GET https://huggingface.co/api/models/google/gemma-4-E2B-it/tree/main?recursive=true&expand=false "HTTP/1.1 200 OK"
2026-09-01 19:11:05.230 - httpx - INFO - HTTP Request: GET https://huggingface.co/api/models/google/gemma-4-E2B-it "HTTP/1.1 200 OK"
2026-09-01 19:11:05.311 - InferenceResultParser_f4606feb - INFO - Initialized tokenizers: {'google/gemma-4-E2B-it': {'class': 'GemmaTokenizer', 'name_or_path': 'google/gemma-4-E2B-it'}} in 5.05 seconds
2026-09-01 19:11:05.327 - httpx - INFO - HTTP Request: GET https://huggingface.co/api/models/google/gemma-4-E2B-it "HTTP/1.1 200 OK"
2026-09-01 19:11:05.407 - dataset_manager - INFO - Tokenizer(s) configured in 5.15 seconds
2026-09-01 19:11:05.407 - dataset_manager - INFO - Configuring dataset for dataset_manager
2026-09-01 19:11:06.703 - MemoryMapDatasetBackingStore_0fb3daee - INFO - Memory-mapped backing store initialized (streaming to /tmp/aiperf_mmap_14f70ce74e2a/dataset.dat)
2026-09-01 19:11:06.719 - MemoryMapDatasetBackingStore_0fb3daee - INFO - Data file finalized: 100 conversations, 0.53 MB
2026-09-01 19:11:06.720 - MemoryMapDatasetBackingStore_0fb3daee - INFO - Index file created: /tmp/aiperf_mmap_14f70ce74e2a/index.dat
2026-09-01 19:11:06.720 - dataset_manager - INFO - Backing store finalized: client_type=DatasetClientStoreType.MEMORY_MAP format=MemoryMapFormat.CONVERSATION data_file_path=PosixPath('/tmp/aiperf_mmap_14f70ce74e2a/dataset.dat') index_file_path=PosixPath('/tmp/aiperf_mmap_14f70ce74e2a/index.dat') conversation_count=100 total_size_bytes=550850 compressed=False compressed_data_file_path=None compressed_index_file_path=None compressed_size_bytes=0
2026-09-01 19:11:06.722 - dataset_manager - INFO - sampling strategy: sequential, unique conversations: 100, unique turn count: 100
2026-09-01 19:11:06.723 - dataset_manager - INFO - Generating inputs.json file at /home/philip/repos/kai-bench/client/sglang/gemma-4/E2B-it/inputs.json
2026-09-01 19:11:06.730 - dataset_manager - INFO - inputs.json file generated in 0.01 seconds
2026-09-01 19:11:06.734 - PhaseOrchestrator_4fc7b2a3 - INFO - Initialized 1 phase(s): ['Profiling']
2026-09-01 19:11:06.880 - dataset_manager - INFO - Dataset client initialized and freed 100 conversations from memory
2026-09-01 19:11:06.880 - dataset_manager - INFO - Dataset configured in 1.47 seconds
2026-09-01 19:11:06.947 - system_controller - INFO - All services configured in 6.69 seconds
2026-09-01 19:11:06.947 - system_controller - INFO - AIPerf System is CONFIGURED
2026-09-01 19:11:06.952 - RateTiming - INFO - Creating interval generator: pattern=concurrency_burst, rate=None, smoothness=None
2026-09-01 19:11:06.952 - PhaseRunner - NOTICE - Phase profiling (profiling) started | phase_index=0 | profiling_index=0 | target: 10 requests
2026-09-01 19:11:06.955 - records_manager - INFO - Credit phase start: profiling
2026-09-01 19:11:06.992 - system_controller - INFO - All services started profiling successfully
2026-09-01 19:11:06.992 - system_controller - INFO - AIPerf System is PROFILING
2026-09-01 19:13:42.350 - PhaseRunner - NOTICE - Phase profiling (profiling) sending complete | sent=10, completed=9, in_flight=1 | sessions: sent=10, completed=9
2026-09-01 19:13:42.352 - records_manager - INFO - Sent 10 requests. Waiting for all to complete...
2026-09-01 19:13:51.028 - PhaseRunner - NOTICE - Phase profiling (profiling) complete | completed=10, cancelled=0, errors=0 | sessions: completed=10, cancelled=0 | elapsed=164.08s
2026-09-01 19:13:51.028 - PhaseOrchestrator_4fc7b2a3 - NOTICE - All credits completed
2026-09-01 19:13:51.029 - records_manager - INFO - Received CREDIT_PHASE_COMPLETE message, Phase complete: PhaseRecordsStats(phase=CreditPhase.PROFILING, phase_index=0, profiling_index=0, phase_name='profiling', phase_kind='profiling', start_ns=1788282666952540352, sent_end_ns=1788282822350631664, requests_end_ns=1788282831028080176, baseline_start_ns=1788282666952520432, baseline_end_ns=1788282831028088320, total_expected_requests=10, expected_duration_sec=None, expected_num_sessions=None, expected_grace_period_sec=None, final_requests_sent=None, final_requests_completed=10, final_requests_cancelled=0, final_request_errors=0, final_sent_sessions=None, final_completed_sessions=None, final_cancelled_sessions=None, timeout_triggered=False, grace_period_timeout_triggered=False, was_cancelled=False, records_end_ns=None, success_records=9, error_records=0)
2026-09-01 19:13:51.029 - records_manager - NOTICE - All requests have completed, please wait for the results to be processed (currently 9 of 10 records processed)...
2026-09-01 19:13:51.030 - records_manager - INFO - All credits complete, please wait for the results to be processed...
2026-09-01 19:13:51.033 - system_controller - INFO - Received credits complete from 'timing_manager'
2026-09-01 19:13:51.037 - records_manager - INFO - Processed 10 valid requests and 0 errors (10 total).
2026-09-01 19:13:51.038 - records_manager - INFO - Received all records, processing now...
2026-09-01 19:13:51.040 - records_manager - INFO - Waiting 2.0s for server metrics flush period...
2026-09-01 19:13:53.029 - records_manager - INFO - Processing records results...
2026-09-01 19:13:53.039 - records_manager - INFO - _finalize_and_process_results completed
2026-09-01 19:13:53.040 - system_controller - INFO - All results received, initiating shutdown
2026-09-01 19:13:53.781 - ExporterManager - INFO - Exporting all records
2026-09-01 19:13:53.848 - ExporterManager - INFO - Exporting console data
2026-09-01 19:14:02.501 - system_controller - INFO - Registered Worker Manager (id: 'worker_manager')
2026-09-01 19:14:02.508 - server_metrics_manager - INFO - Server Metrics: Discovered 1 endpoints: ['http://localhost:30000/metrics']
2026-09-01 19:14:02.559 - GPUTelemetryJSONLWriter_3d0e8b9a - INFO - GPU telemetry export enabled: /home/philip/repos/kai-bench/client/sglang/gemma-4/E2B-it/gpu_telemetry_export.jsonl
2026-09-01 19:14:02.568 - OTelMetricsResultsProcessor_b772359b - INFO - Telemetry streaming is disabled (set --otel-url and/or --mlflow-tracking-uri to enable)
2026-09-01 19:14:02.569 - RecordExportJSONLWriter_c208a46d - INFO - Record metrics export enabled: /home/philip/repos/kai-bench/client/sglang/gemma-4/E2B-it/profile_export.jsonl
2026-09-01 19:14:02.617 - system_controller - INFO - Registered Gpu Telemetry Manager (id: 'gpu_telemetry_manager')
2026-09-01 19:14:02.639 - system_controller - INFO - Registered Dataset Manager (id: 'dataset_manager')
2026-09-01 19:14:02.640 - system_controller - INFO - Registered Server Metrics Manager (id: 'server_metrics_manager')
2026-09-01 19:14:02.707 - system_controller - INFO - Registered Records Manager (id: 'records_manager')
2026-09-01 19:14:02.733 - system_controller - INFO - Registered Timing Manager (id: 'timing_manager')
2026-09-01 19:14:02.777 - system_controller - INFO - Registered Record Processor (id: 'record_processor_8481df32')
2026-09-01 19:14:02.860 - system_controller - INFO - AIPerf System is CONFIGURING
2026-09-01 19:14:02.860 - system_controller - INFO - Configuring all services to start profiling
2026-09-01 19:14:02.862 - timing_manager - INFO - Waiting for dataset to be configured before configuring timing
2026-09-01 19:14:02.862 - InferenceResultParser_964c35a5 - INFO - Configuring tokenizers for inference result parser (resolve_alias: True)
2026-09-01 19:14:02.863 - dataset_manager - INFO - Configuring tokenizer(s) for dataset manager
2026-09-01 19:14:02.875 - system_controller - INFO - Server metrics disabled - no Prometheus endpoints reachable
2026-09-01 19:14:02.875 - system_controller - INFO - Waiting for result domains: profile, telemetry
2026-09-01 19:14:02.887 - gpu_telemetry_manager - WARNING - GPU Telemetry: http://localhost:9400/metrics is not reachable
2026-09-01 19:14:02.891 - gpu_telemetry_manager - WARNING - GPU Telemetry: http://localhost:9401/metrics is not reachable
2026-09-01 19:14:02.894 - system_controller - INFO - DCGM telemetry skipped: no telemetry sources reachable
2026-09-01 19:14:02.894 - system_controller - INFO - Waiting for result domains: profile
2026-09-01 19:14:02.960 - system_controller - INFO - Registered Worker (id: 'worker_3a432604')
2026-09-01 19:14:04.533 - httpx - INFO - HTTP Request: GET https://huggingface.co/api/agent-harnesses "HTTP/1.1 200 OK"
2026-09-01 19:14:04.662 - httpx - INFO - HTTP Request: HEAD https://huggingface.co/google/gemma-4-E2B-it/resolve/main/config.json "HTTP/1.1 307 Temporary Redirect"
2026-09-01 19:14:04.663 - huggingface_hub.utils._http - WARNING - Warning: You are sending unauthenticated requests to the HF Hub. Please set a HF_TOKEN to enable higher rate limits and faster downloads.
2026-09-01 19:14:04.678 - httpx - INFO - HTTP Request: HEAD https://huggingface.co/api/resolve-cache/models/google/gemma-4-E2B-it/3e22461f65e89153144f8adb70e3b8c2cc9845a7/config.json "HTTP/1.1 200 OK"
2026-09-01 19:14:04.795 - httpx - INFO - HTTP Request: GET https://huggingface.co/api/agent-harnesses "HTTP/1.1 200 OK"
2026-09-01 19:14:04.916 - httpx - INFO - HTTP Request: HEAD https://huggingface.co/google/gemma-4-E2B-it/resolve/main/config.json "HTTP/1.1 307 Temporary Redirect"
2026-09-01 19:14:04.917 - huggingface_hub.utils._http - WARNING - Warning: You are sending unauthenticated requests to the HF Hub. Please set a HF_TOKEN to enable higher rate limits and faster downloads.
2026-09-01 19:14:04.921 - httpx - INFO - HTTP Request: HEAD https://huggingface.co/google/gemma-4-E2B-it/resolve/main/tokenizer_config.json "HTTP/1.1 307 Temporary Redirect"
2026-09-01 19:14:04.926 - httpx - INFO - HTTP Request: HEAD https://huggingface.co/api/resolve-cache/models/google/gemma-4-E2B-it/3e22461f65e89153144f8adb70e3b8c2cc9845a7/config.json "HTTP/1.1 200 OK"
2026-09-01 19:14:04.931 - httpx - INFO - HTTP Request: HEAD https://huggingface.co/api/resolve-cache/models/google/gemma-4-E2B-it/3e22461f65e89153144f8adb70e3b8c2cc9845a7/tokenizer_config.json "HTTP/1.1 200 OK"
2026-09-01 19:14:05.060 - httpx - INFO - HTTP Request: GET https://huggingface.co/api/models/google/gemma-4-E2B-it/tree/main/additional_chat_templates?recursive=false&expand=false "HTTP/1.1 404 Not Found"
2026-09-01 19:14:05.092 - httpx - INFO - HTTP Request: HEAD https://huggingface.co/google/gemma-4-E2B-it/resolve/main/tokenizer_config.json "HTTP/1.1 307 Temporary Redirect"
2026-09-01 19:14:05.102 - httpx - INFO - HTTP Request: HEAD https://huggingface.co/api/resolve-cache/models/google/gemma-4-E2B-it/3e22461f65e89153144f8adb70e3b8c2cc9845a7/tokenizer_config.json "HTTP/1.1 200 OK"
2026-09-01 19:14:05.186 - httpx - INFO - HTTP Request: GET https://huggingface.co/api/models/google/gemma-4-E2B-it/tree/main?recursive=true&expand=false "HTTP/1.1 200 OK"
2026-09-01 19:14:05.230 - httpx - INFO - HTTP Request: GET https://huggingface.co/api/models/google/gemma-4-E2B-it/tree/main/additional_chat_templates?recursive=false&expand=false "HTTP/1.1 404 Not Found"
2026-09-01 19:14:05.358 - httpx - INFO - HTTP Request: GET https://huggingface.co/api/models/google/gemma-4-E2B-it/tree/main?recursive=true&expand=false "HTTP/1.1 200 OK"
2026-09-01 19:14:07.551 - httpx - INFO - HTTP Request: GET https://huggingface.co/api/models/google/gemma-4-E2B-it "HTTP/1.1 200 OK"
2026-09-01 19:14:07.630 - dataset_manager - INFO - Tokenizer(s) configured in 4.77 seconds
2026-09-01 19:14:07.630 - dataset_manager - INFO - Configuring dataset for dataset_manager
2026-09-01 19:14:08.019 - httpx - INFO - HTTP Request: GET https://huggingface.co/api/models/google/gemma-4-E2B-it "HTTP/1.1 200 OK"
2026-09-01 19:14:08.108 - InferenceResultParser_964c35a5 - INFO - Initialized tokenizers: {'google/gemma-4-E2B-it': {'class': 'GemmaTokenizer', 'name_or_path': 'google/gemma-4-E2B-it'}} in 5.24 seconds
2026-09-01 19:14:09.019 - MemoryMapDatasetBackingStore_58a8c40c - INFO - Memory-mapped backing store initialized (streaming to /tmp/aiperf_mmap_69ef870763ac/dataset.dat)
2026-09-01 19:14:09.036 - MemoryMapDatasetBackingStore_58a8c40c - INFO - Data file finalized: 100 conversations, 0.53 MB
2026-09-01 19:14:09.037 - MemoryMapDatasetBackingStore_58a8c40c - INFO - Index file created: /tmp/aiperf_mmap_69ef870763ac/index.dat
2026-09-01 19:14:09.037 - dataset_manager - INFO - Backing store finalized: client_type=DatasetClientStoreType.MEMORY_MAP format=MemoryMapFormat.CONVERSATION data_file_path=PosixPath('/tmp/aiperf_mmap_69ef870763ac/dataset.dat') index_file_path=PosixPath('/tmp/aiperf_mmap_69ef870763ac/index.dat') conversation_count=100 total_size_bytes=555368 compressed=False compressed_data_file_path=None compressed_index_file_path=None compressed_size_bytes=0
2026-09-01 19:14:09.039 - dataset_manager - INFO - sampling strategy: sequential, unique conversations: 100, unique turn count: 100
2026-09-01 19:14:09.040 - dataset_manager - INFO - Generating inputs.json file at /home/philip/repos/kai-bench/client/sglang/gemma-4/E2B-it/inputs.json
2026-09-01 19:14:09.046 - dataset_manager - INFO - inputs.json file generated in 0.01 seconds
2026-09-01 19:14:09.049 - system_controller - WARNING - Received command response for service we were not expecting: worker_3a432604. Ignoring.
2026-09-01 19:14:09.051 - PhaseOrchestrator_0036ec01 - INFO - Initialized 1 phase(s): ['Profiling']
2026-09-01 19:14:09.270 - dataset_manager - INFO - Dataset client initialized and freed 100 conversations from memory
2026-09-01 19:14:09.270 - dataset_manager - INFO - Dataset configured in 1.64 seconds
2026-09-01 19:14:09.647 - system_controller - INFO - All services configured in 6.79 seconds
2026-09-01 19:14:09.648 - system_controller - INFO - AIPerf System is CONFIGURED
2026-09-01 19:14:09.651 - system_controller - INFO - All services started profiling successfully
2026-09-01 19:14:09.651 - system_controller - INFO - AIPerf System is PROFILING
2026-09-01 19:14:09.652 - RateTiming - INFO - Creating interval generator: pattern=concurrency_burst, rate=None, smoothness=None
2026-09-01 19:14:09.652 - PhaseRunner - NOTICE - Phase profiling (profiling) started | phase_index=0 | profiling_index=0 | target: 10 requests
2026-09-01 19:14:09.654 - records_manager - INFO - Credit phase start: profiling
2026-09-01 19:15:20.161 - PhaseRunner - NOTICE - Phase profiling (profiling) sending complete | sent=10, completed=9, in_flight=1 | sessions: sent=10, completed=9
2026-09-01 19:15:20.162 - records_manager - INFO - Sent 10 requests. Waiting for all to complete...
2026-09-01 19:15:27.116 - PhaseRunner - NOTICE - Phase profiling (profiling) complete | completed=10, cancelled=0, errors=0 | sessions: completed=10, cancelled=0 | elapsed=77.46s
2026-09-01 19:15:27.116 - PhaseOrchestrator_0036ec01 - NOTICE - All credits completed
2026-09-01 19:15:27.117 - records_manager - INFO - Received CREDIT_PHASE_COMPLETE message, Phase complete: PhaseRecordsStats(phase=CreditPhase.PROFILING, phase_index=0, profiling_index=0, phase_name='profiling', phase_kind='profiling', start_ns=1788282849652345792, sent_end_ns=1788282920161308784, requests_end_ns=1788282927115822976, baseline_start_ns=1788282849652326480, baseline_end_ns=1788282927115832672, total_expected_requests=10, expected_duration_sec=None, expected_num_sessions=None, expected_grace_period_sec=None, final_requests_sent=None, final_requests_completed=10, final_requests_cancelled=0, final_request_errors=0, final_sent_sessions=None, final_completed_sessions=None, final_cancelled_sessions=None, timeout_triggered=False, grace_period_timeout_triggered=False, was_cancelled=False, records_end_ns=None, success_records=9, error_records=0)
2026-09-01 19:15:27.117 - records_manager - NOTICE - All requests have completed, please wait for the results to be processed (currently 9 of 10 records processed)...
2026-09-01 19:15:27.118 - records_manager - INFO - All credits complete, please wait for the results to be processed...
2026-09-01 19:15:27.121 - system_controller - INFO - Received credits complete from 'timing_manager'
2026-09-01 19:15:27.125 - records_manager - INFO - Processed 10 valid requests and 0 errors (10 total).
2026-09-01 19:15:27.125 - records_manager - INFO - Received all records, processing now...
2026-09-01 19:15:27.128 - records_manager - INFO - Waiting 2.0s for server metrics flush period...
2026-09-01 19:15:29.116 - records_manager - INFO - Processing records results...
2026-09-01 19:15:29.125 - records_manager - INFO - _finalize_and_process_results completed
2026-09-01 19:15:29.126 - system_controller - INFO - All results received, initiating shutdown
2026-09-01 19:15:29.867 - ExporterManager - INFO - Exporting all records
2026-09-01 19:15:29.912 - ExporterManager - INFO - Exporting console data
2026-09-01 20:11:56.312 - server_metrics_manager - INFO - Server Metrics: Discovered 1 endpoints: ['http://localhost:30000/metrics']
2026-09-01 20:11:56.365 - system_controller - INFO - Registered Worker Manager (id: 'worker_manager')
2026-09-01 20:11:56.415 - GPUTelemetryJSONLWriter_3a5ccba8 - INFO - GPU telemetry export enabled: /home/philip/repos/kai-bench/client/sglang/gemma-4/E2B-it/gpu_telemetry_export.jsonl
2026-09-01 20:11:56.426 - OTelMetricsResultsProcessor_3392c3f0 - INFO - Telemetry streaming is disabled (set --otel-url and/or --mlflow-tracking-uri to enable)
2026-09-01 20:11:56.428 - RecordExportJSONLWriter_3d1a1b41 - INFO - Record metrics export enabled: /home/philip/repos/kai-bench/client/sglang/gemma-4/E2B-it/profile_export.jsonl
2026-09-01 20:11:56.475 - system_controller - INFO - Registered Gpu Telemetry Manager (id: 'gpu_telemetry_manager')
2026-09-01 20:11:56.479 - system_controller - INFO - Registered Server Metrics Manager (id: 'server_metrics_manager')
2026-09-01 20:11:56.496 - system_controller - INFO - Registered Dataset Manager (id: 'dataset_manager')
2026-09-01 20:11:56.575 - system_controller - INFO - Registered Records Manager (id: 'records_manager')
2026-09-01 20:11:56.577 - system_controller - INFO - Registered Record Processor (id: 'record_processor_38d4e180')
2026-09-01 20:11:57.383 - system_controller - INFO - Registered Timing Manager (id: 'timing_manager')
2026-09-01 20:11:57.385 - system_controller - INFO - Registered Worker (id: 'worker_8fa53d87')
2026-09-01 20:11:57.388 - system_controller - INFO - AIPerf System is CONFIGURING
2026-09-01 20:11:57.388 - system_controller - INFO - Configuring all services to start profiling
2026-09-01 20:11:57.393 - InferenceResultParser_e21f6626 - INFO - Configuring tokenizers for inference result parser (resolve_alias: True)
2026-09-01 20:11:57.394 - dataset_manager - INFO - Configuring tokenizer(s) for dataset manager
2026-09-01 20:11:57.393 - timing_manager - INFO - Waiting for dataset to be configured before configuring timing
2026-09-01 20:11:57.420 - gpu_telemetry_manager - WARNING - GPU Telemetry: http://localhost:9400/metrics is not reachable
2026-09-01 20:11:57.424 - gpu_telemetry_manager - WARNING - GPU Telemetry: http://localhost:9401/metrics is not reachable
2026-09-01 20:11:57.762 - system_controller - INFO - Server metrics disabled - no Prometheus endpoints reachable
2026-09-01 20:11:57.763 - system_controller - INFO - Waiting for result domains: profile, telemetry
2026-09-01 20:11:57.764 - system_controller - INFO - DCGM telemetry skipped: no telemetry sources reachable
2026-09-01 20:11:57.764 - system_controller - INFO - Waiting for result domains: profile
2026-09-01 20:11:59.134 - httpx - INFO - HTTP Request: GET https://huggingface.co/api/agent-harnesses "HTTP/1.1 200 OK"
2026-09-01 20:11:59.186 - httpx - INFO - HTTP Request: GET https://huggingface.co/api/agent-harnesses "HTTP/1.1 200 OK"
2026-09-01 20:11:59.253 - httpx - INFO - HTTP Request: HEAD https://huggingface.co/google/gemma-4-E2B-it/resolve/main/config.json "HTTP/1.1 307 Temporary Redirect"
2026-09-01 20:11:59.254 - huggingface_hub.utils._http - WARNING - Warning: You are sending unauthenticated requests to the HF Hub. Please set a HF_TOKEN to enable higher rate limits and faster downloads.
2026-09-01 20:11:59.264 - httpx - INFO - HTTP Request: HEAD https://huggingface.co/api/resolve-cache/models/google/gemma-4-E2B-it/3e22461f65e89153144f8adb70e3b8c2cc9845a7/config.json "HTTP/1.1 200 OK"
2026-09-01 20:11:59.310 - httpx - INFO - HTTP Request: HEAD https://huggingface.co/google/gemma-4-E2B-it/resolve/main/config.json "HTTP/1.1 307 Temporary Redirect"
2026-09-01 20:11:59.311 - huggingface_hub.utils._http - WARNING - Warning: You are sending unauthenticated requests to the HF Hub. Please set a HF_TOKEN to enable higher rate limits and faster downloads.
2026-09-01 20:11:59.321 - httpx - INFO - HTTP Request: HEAD https://huggingface.co/api/resolve-cache/models/google/gemma-4-E2B-it/3e22461f65e89153144f8adb70e3b8c2cc9845a7/config.json "HTTP/1.1 200 OK"
2026-09-01 20:11:59.432 - httpx - INFO - HTTP Request: HEAD https://huggingface.co/google/gemma-4-E2B-it/resolve/main/tokenizer_config.json "HTTP/1.1 307 Temporary Redirect"
2026-09-01 20:11:59.442 - httpx - INFO - HTTP Request: HEAD https://huggingface.co/api/resolve-cache/models/google/gemma-4-E2B-it/3e22461f65e89153144f8adb70e3b8c2cc9845a7/tokenizer_config.json "HTTP/1.1 200 OK"
2026-09-01 20:11:59.479 - httpx - INFO - HTTP Request: HEAD https://huggingface.co/google/gemma-4-E2B-it/resolve/main/tokenizer_config.json "HTTP/1.1 307 Temporary Redirect"
2026-09-01 20:11:59.489 - httpx - INFO - HTTP Request: HEAD https://huggingface.co/api/resolve-cache/models/google/gemma-4-E2B-it/3e22461f65e89153144f8adb70e3b8c2cc9845a7/tokenizer_config.json "HTTP/1.1 200 OK"
2026-09-01 20:11:59.568 - httpx - INFO - HTTP Request: GET https://huggingface.co/api/models/google/gemma-4-E2B-it/tree/main/additional_chat_templates?recursive=false&expand=false "HTTP/1.1 404 Not Found"
2026-09-01 20:11:59.616 - httpx - INFO - HTTP Request: GET https://huggingface.co/api/models/google/gemma-4-E2B-it/tree/main/additional_chat_templates?recursive=false&expand=false "HTTP/1.1 404 Not Found"
2026-09-01 20:11:59.697 - httpx - INFO - HTTP Request: GET https://huggingface.co/api/models/google/gemma-4-E2B-it/tree/main?recursive=true&expand=false "HTTP/1.1 200 OK"
2026-09-01 20:11:59.741 - httpx - INFO - HTTP Request: GET https://huggingface.co/api/models/google/gemma-4-E2B-it/tree/main?recursive=true&expand=false "HTTP/1.1 200 OK"
2026-09-01 20:12:02.562 - httpx - INFO - HTTP Request: GET https://huggingface.co/api/models/google/gemma-4-E2B-it "HTTP/1.1 200 OK"
2026-09-01 20:12:02.600 - httpx - INFO - HTTP Request: GET https://huggingface.co/api/models/google/gemma-4-E2B-it "HTTP/1.1 200 OK"
2026-09-01 20:12:02.640 - dataset_manager - INFO - Tokenizer(s) configured in 5.25 seconds
2026-09-01 20:12:02.641 - dataset_manager - INFO - Configuring dataset for dataset_manager
2026-09-01 20:12:02.681 - InferenceResultParser_e21f6626 - INFO - Initialized tokenizers: {'google/gemma-4-E2B-it': {'class': 'GemmaTokenizer', 'name_or_path': 'google/gemma-4-E2B-it'}} in 5.29 seconds
2026-09-01 20:12:03.924 - MemoryMapDatasetBackingStore_e0a932fa - INFO - Memory-mapped backing store initialized (streaming to /tmp/aiperf_mmap_d5de3badafb0/dataset.dat)
2026-09-01 20:12:03.932 - MemoryMapDatasetBackingStore_e0a932fa - INFO - Data file finalized: 100 conversations, 0.53 MB
2026-09-01 20:12:03.932 - MemoryMapDatasetBackingStore_e0a932fa - INFO - Index file created: /tmp/aiperf_mmap_d5de3badafb0/index.dat
2026-09-01 20:12:03.932 - dataset_manager - INFO - Backing store finalized: client_type=DatasetClientStoreType.MEMORY_MAP format=MemoryMapFormat.CONVERSATION data_file_path=PosixPath('/tmp/aiperf_mmap_d5de3badafb0/dataset.dat') index_file_path=PosixPath('/tmp/aiperf_mmap_d5de3badafb0/index.dat') conversation_count=100 total_size_bytes=554645 compressed=False compressed_data_file_path=None compressed_index_file_path=None compressed_size_bytes=0
2026-09-01 20:12:03.934 - dataset_manager - INFO - sampling strategy: sequential, unique conversations: 100, unique turn count: 100
2026-09-01 20:12:03.936 - dataset_manager - INFO - Generating inputs.json file at /home/philip/repos/kai-bench/client/sglang/gemma-4/E2B-it/inputs.json
2026-09-01 20:12:03.940 - dataset_manager - INFO - inputs.json file generated in 0.00 seconds
2026-09-01 20:12:03.949 - PhaseOrchestrator_ff3eb93a - INFO - Initialized 1 phase(s): ['Profiling']
2026-09-01 20:12:04.195 - dataset_manager - INFO - Dataset client initialized and freed 100 conversations from memory
2026-09-01 20:12:04.196 - dataset_manager - INFO - Dataset configured in 1.56 seconds
2026-09-01 20:12:04.523 - system_controller - INFO - All services configured in 7.13 seconds
2026-09-01 20:12:04.523 - system_controller - INFO - AIPerf System is CONFIGURED
2026-09-01 20:12:04.540 - RateTiming - INFO - Creating interval generator: pattern=concurrency_burst, rate=None, smoothness=None
2026-09-01 20:12:04.542 - PhaseRunner - NOTICE - Phase profiling (profiling) started | phase_index=0 | profiling_index=0 | target: 10 requests
2026-09-01 20:12:04.546 - records_manager - INFO - Credit phase start: profiling
2026-09-01 20:12:05.693 - system_controller - INFO - All services started profiling successfully
2026-09-01 20:12:05.694 - system_controller - INFO - AIPerf System is PROFILING
2026-09-01 20:13:17.675 - PhaseRunner - NOTICE - Phase profiling (profiling) sending complete | sent=10, completed=9, in_flight=1 | sessions: sent=10, completed=9
2026-09-01 20:13:17.677 - records_manager - INFO - Sent 10 requests. Waiting for all to complete...
2026-09-01 20:13:25.718 - PhaseRunner - NOTICE - Phase profiling (profiling) complete | completed=10, cancelled=0, errors=0 | sessions: completed=10, cancelled=0 | elapsed=81.18s
2026-09-01 20:13:25.719 - PhaseOrchestrator_ff3eb93a - NOTICE - All credits completed
2026-09-01 20:13:25.720 - records_manager - INFO - Received CREDIT_PHASE_COMPLETE message, Phase complete: PhaseRecordsStats(phase=CreditPhase.PROFILING, phase_index=0, profiling_index=0, phase_name='profiling', phase_kind='profiling', start_ns=1788286324541643808, sent_end_ns=1788286397675673584, requests_end_ns=1788286405718382880, baseline_start_ns=1788286324541571536, baseline_end_ns=1788286405718394800, total_expected_requests=10, expected_duration_sec=None, expected_num_sessions=None, expected_grace_period_sec=None, final_requests_sent=None, final_requests_completed=10, final_requests_cancelled=0, final_request_errors=0, final_sent_sessions=None, final_completed_sessions=None, final_cancelled_sessions=None, timeout_triggered=False, grace_period_timeout_triggered=False, was_cancelled=False, records_end_ns=None, success_records=9, error_records=0)
2026-09-01 20:13:25.720 - records_manager - NOTICE - All requests have completed, please wait for the results to be processed (currently 9 of 10 records processed)...
2026-09-01 20:13:25.721 - records_manager - INFO - All credits complete, please wait for the results to be processed...
2026-09-01 20:13:25.724 - system_controller - INFO - Received credits complete from 'timing_manager'
2026-09-01 20:13:25.729 - records_manager - INFO - Processed 10 valid requests and 0 errors (10 total).
2026-09-01 20:13:25.729 - records_manager - INFO - Received all records, processing now...
2026-09-01 20:13:25.734 - records_manager - INFO - Waiting 2.0s for server metrics flush period...
2026-09-01 20:13:27.719 - records_manager - INFO - Processing records results...
2026-09-01 20:13:27.772 - records_manager - INFO - _finalize_and_process_results completed
2026-09-01 20:13:27.772 - system_controller - INFO - All results received, initiating shutdown
2026-09-01 20:13:28.538 - ExporterManager - INFO - Exporting all records
2026-09-01 20:13:28.586 - ExporterManager - INFO - Exporting console data
2026-09-01 20:23:17.221 - system_controller - INFO - Registered Gpu Telemetry Manager (id: 'gpu_telemetry_manager')
2026-09-01 20:23:17.232 - GPUTelemetryJSONLWriter_7ea75127 - INFO - GPU telemetry export enabled: /home/philip/repos/kai-bench/client/sglang/gemma-4/E2B-it/gpu_telemetry_export.jsonl
2026-09-01 20:23:17.239 - server_metrics_manager - INFO - Server Metrics: Discovered 1 endpoints: ['http://localhost:30000/metrics']
2026-09-01 20:23:17.243 - OTelMetricsResultsProcessor_718304f1 - INFO - Telemetry streaming is disabled (set --otel-url and/or --mlflow-tracking-uri to enable)
2026-09-01 20:23:17.245 - RecordExportJSONLWriter_5e89531c - INFO - Record metrics export enabled: /home/philip/repos/kai-bench/client/sglang/gemma-4/E2B-it/profile_export.jsonl
2026-09-01 20:23:17.389 - system_controller - INFO - Registered Worker Manager (id: 'worker_manager')
2026-09-01 20:23:17.389 - system_controller - INFO - Registered Server Metrics Manager (id: 'server_metrics_manager')
2026-09-01 20:23:17.389 - system_controller - INFO - Registered Dataset Manager (id: 'dataset_manager')
2026-09-01 20:23:17.390 - system_controller - INFO - Registered Records Manager (id: 'records_manager')
2026-09-01 20:23:17.537 - system_controller - INFO - Registered Timing Manager (id: 'timing_manager')
2026-09-01 20:23:17.553 - system_controller - INFO - Registered Record Processor (id: 'record_processor_5f47bbcb')
2026-09-01 20:23:17.677 - system_controller - INFO - AIPerf System is CONFIGURING
2026-09-01 20:23:17.677 - system_controller - INFO - Configuring all services to start profiling
2026-09-01 20:23:17.680 - timing_manager - INFO - Waiting for dataset to be configured before configuring timing
2026-09-01 20:23:17.680 - InferenceResultParser_333bbae3 - INFO - Configuring tokenizers for inference result parser (resolve_alias: True)
2026-09-01 20:23:17.681 - dataset_manager - INFO - Configuring tokenizer(s) for dataset manager
2026-09-01 20:23:17.712 - system_controller - INFO - Registered Worker (id: 'worker_302e3000')
2026-09-01 20:23:17.713 - system_controller - INFO - Server metrics disabled - no Prometheus endpoints reachable
2026-09-01 20:23:17.714 - system_controller - INFO - Waiting for result domains: profile, telemetry
2026-09-01 20:23:17.772 - gpu_telemetry_manager - WARNING - GPU Telemetry: http://localhost:9400/metrics is not reachable
2026-09-01 20:23:17.781 - gpu_telemetry_manager - WARNING - GPU Telemetry: http://localhost:9401/metrics is not reachable
2026-09-01 20:23:17.785 - system_controller - INFO - DCGM telemetry skipped: no telemetry sources reachable
2026-09-01 20:23:17.786 - system_controller - INFO - Waiting for result domains: profile
2026-09-01 20:23:19.356 - httpx - INFO - HTTP Request: GET https://huggingface.co/api/agent-harnesses "HTTP/1.1 200 OK"
2026-09-01 20:23:19.477 - httpx - INFO - HTTP Request: HEAD https://huggingface.co/google/gemma-4-E2B-it/resolve/main/config.json "HTTP/1.1 307 Temporary Redirect"
2026-09-01 20:23:19.478 - huggingface_hub.utils._http - WARNING - Warning: You are sending unauthenticated requests to the HF Hub. Please set a HF_TOKEN to enable higher rate limits and faster downloads.
2026-09-01 20:23:19.486 - httpx - INFO - HTTP Request: GET https://huggingface.co/api/agent-harnesses "HTTP/1.1 200 OK"
2026-09-01 20:23:19.488 - httpx - INFO - HTTP Request: HEAD https://huggingface.co/api/resolve-cache/models/google/gemma-4-E2B-it/3e22461f65e89153144f8adb70e3b8c2cc9845a7/config.json "HTTP/1.1 200 OK"
2026-09-01 20:23:19.609 - httpx - INFO - HTTP Request: HEAD https://huggingface.co/google/gemma-4-E2B-it/resolve/main/config.json "HTTP/1.1 307 Temporary Redirect"
2026-09-01 20:23:19.610 - huggingface_hub.utils._http - WARNING - Warning: You are sending unauthenticated requests to the HF Hub. Please set a HF_TOKEN to enable higher rate limits and faster downloads.
2026-09-01 20:23:19.619 - httpx - INFO - HTTP Request: HEAD https://huggingface.co/api/resolve-cache/models/google/gemma-4-E2B-it/3e22461f65e89153144f8adb70e3b8c2cc9845a7/config.json "HTTP/1.1 200 OK"
2026-09-01 20:23:19.643 - httpx - INFO - HTTP Request: HEAD https://huggingface.co/google/gemma-4-E2B-it/resolve/main/tokenizer_config.json "HTTP/1.1 307 Temporary Redirect"
2026-09-01 20:23:19.653 - httpx - INFO - HTTP Request: HEAD https://huggingface.co/api/resolve-cache/models/google/gemma-4-E2B-it/3e22461f65e89153144f8adb70e3b8c2cc9845a7/tokenizer_config.json "HTTP/1.1 200 OK"
2026-09-01 20:23:19.776 - httpx - INFO - HTTP Request: HEAD https://huggingface.co/google/gemma-4-E2B-it/resolve/main/tokenizer_config.json "HTTP/1.1 307 Temporary Redirect"
2026-09-01 20:23:19.784 - httpx - INFO - HTTP Request: GET https://huggingface.co/api/models/google/gemma-4-E2B-it/tree/main/additional_chat_templates?recursive=false&expand=false "HTTP/1.1 404 Not Found"
2026-09-01 20:23:19.786 - httpx - INFO - HTTP Request: HEAD https://huggingface.co/api/resolve-cache/models/google/gemma-4-E2B-it/3e22461f65e89153144f8adb70e3b8c2cc9845a7/tokenizer_config.json "HTTP/1.1 200 OK"
2026-09-01 20:23:19.912 - httpx - INFO - HTTP Request: GET https://huggingface.co/api/models/google/gemma-4-E2B-it/tree/main?recursive=true&expand=false "HTTP/1.1 200 OK"
2026-09-01 20:23:19.913 - httpx - INFO - HTTP Request: GET https://huggingface.co/api/models/google/gemma-4-E2B-it/tree/main/additional_chat_templates?recursive=false&expand=false "HTTP/1.1 404 Not Found"
2026-09-01 20:23:20.053 - httpx - INFO - HTTP Request: GET https://huggingface.co/api/models/google/gemma-4-E2B-it/tree/main?recursive=true&expand=false "HTTP/1.1 200 OK"
2026-09-01 20:23:22.561 - httpx - INFO - HTTP Request: GET https://huggingface.co/api/models/google/gemma-4-E2B-it "HTTP/1.1 200 OK"
2026-09-01 20:23:22.578 - system_controller - WARNING - Signal 2 received, initiating graceful shutdown
2026-09-01 20:23:22.582 - system_controller - WARNING - Graceful shutdown requested (signal 2)
2026-09-01 20:23:22.584 - records_manager - WARNING - Received profile cancel command: {"message_type":"command","service_id":"system_controller","command":"profile_cancel","command_id":"1f801d49-2c0c-4c57-84bb-8dc6fcddb43a"}
2026-09-01 20:23:22.584 - timing_manager - WARNING - Received profile cancel command: {"message_type":"command","service_id":"system_controller","command":"profile_cancel","command_id":"1f801d49-2c0c-4c57-84bb-8dc6fcddb43a"}
2026-09-01 20:23:22.584 - records_manager - INFO - Processing records results...
2026-09-01 20:23:22.628 - httpx - INFO - HTTP Request: GET https://huggingface.co/api/models/google/gemma-4-E2B-it "HTTP/1.1 200 OK"
2026-09-01 20:23:23.091 - MultiProcessServiceManager_a0ef9595 - WARNING - Service record_processor process (pid: 435385) still alive after bus shutdown grace; killing (SIGKILL / TerminateProcess — children ignore SIGTERM)
2026-09-01 20:23:23.248 - system_controller - ERROR - No profile results to export
2026-09-01 20:34:52.650 - server_metrics_manager - INFO - Server Metrics: Discovered 1 endpoints: ['http://localhost:30000/metrics']
2026-09-01 20:34:52.668 - system_controller - INFO - Registered Gpu Telemetry Manager (id: 'gpu_telemetry_manager')
2026-09-01 20:34:52.673 - GPUTelemetryJSONLWriter_c6023c01 - INFO - GPU telemetry export enabled: /home/philip/repos/kai-bench/client/sglang/gemma-4/E2B-it/gpu_telemetry_export.jsonl
2026-09-01 20:34:52.682 - OTelMetricsResultsProcessor_5afd8390 - INFO - Telemetry streaming is disabled (set --otel-url and/or --mlflow-tracking-uri to enable)
2026-09-01 20:34:52.684 - RecordExportJSONLWriter_48699adb - INFO - Record metrics export enabled: /home/philip/repos/kai-bench/client/sglang/gemma-4/E2B-it/profile_export.jsonl
2026-09-01 20:34:52.815 - system_controller - INFO - Registered Worker Manager (id: 'worker_manager')
2026-09-01 20:34:52.816 - system_controller - INFO - Registered Dataset Manager (id: 'dataset_manager')
2026-09-01 20:34:52.816 - system_controller - INFO - Registered Server Metrics Manager (id: 'server_metrics_manager')
2026-09-01 20:34:52.817 - system_controller - INFO - Registered Records Manager (id: 'records_manager')
2026-09-01 20:34:52.969 - system_controller - INFO - Registered Timing Manager (id: 'timing_manager')
2026-09-01 20:34:53.031 - system_controller - INFO - Registered Record Processor (id: 'record_processor_45cbdb51')
2026-09-01 20:34:53.125 - system_controller - INFO - AIPerf System is CONFIGURING
2026-09-01 20:34:53.126 - system_controller - INFO - Configuring all services to start profiling
2026-09-01 20:34:53.127 - timing_manager - INFO - Waiting for dataset to be configured before configuring timing
2026-09-01 20:34:53.127 - InferenceResultParser_13746d17 - INFO - Configuring tokenizers for inference result parser (resolve_alias: True)
2026-09-01 20:34:53.129 - dataset_manager - INFO - Configuring tokenizer(s) for dataset manager
2026-09-01 20:34:53.136 - system_controller - INFO - Server metrics disabled - no Prometheus endpoints reachable
2026-09-01 20:34:53.136 - system_controller - INFO - Waiting for result domains: profile, telemetry
2026-09-01 20:34:53.158 - gpu_telemetry_manager - WARNING - GPU Telemetry: http://localhost:9400/metrics is not reachable
2026-09-01 20:34:53.161 - gpu_telemetry_manager - WARNING - GPU Telemetry: http://localhost:9401/metrics is not reachable
2026-09-01 20:34:53.164 - system_controller - INFO - DCGM telemetry skipped: no telemetry sources reachable
2026-09-01 20:34:53.164 - system_controller - INFO - Waiting for result domains: profile
2026-09-01 20:34:53.183 - system_controller - INFO - Registered Worker (id: 'worker_fe098cb7')
2026-09-01 20:34:54.773 - httpx - INFO - HTTP Request: GET https://huggingface.co/api/agent-harnesses "HTTP/1.1 200 OK"
2026-09-01 20:34:54.773 - httpx - INFO - HTTP Request: GET https://huggingface.co/api/agent-harnesses "HTTP/1.1 200 OK"
2026-09-01 20:34:54.894 - httpx - INFO - HTTP Request: HEAD https://huggingface.co/google/gemma-4-E2B-it/resolve/main/config.json "HTTP/1.1 307 Temporary Redirect"
2026-09-01 20:34:54.895 - huggingface_hub.utils._http - WARNING - Warning: You are sending unauthenticated requests to the HF Hub. Please set a HF_TOKEN to enable higher rate limits and faster downloads.
2026-09-01 20:34:54.895 - httpx - INFO - HTTP Request: HEAD https://huggingface.co/google/gemma-4-E2B-it/resolve/main/config.json "HTTP/1.1 307 Temporary Redirect"
2026-09-01 20:34:54.905 - httpx - INFO - HTTP Request: HEAD https://huggingface.co/api/resolve-cache/models/google/gemma-4-E2B-it/3e22461f65e89153144f8adb70e3b8c2cc9845a7/config.json "HTTP/1.1 200 OK"
2026-09-01 20:34:54.905 - httpx - INFO - HTTP Request: HEAD https://huggingface.co/api/resolve-cache/models/google/gemma-4-E2B-it/3e22461f65e89153144f8adb70e3b8c2cc9845a7/config.json "HTTP/1.1 200 OK"
2026-09-01 20:34:55.060 - httpx - INFO - HTTP Request: HEAD https://huggingface.co/google/gemma-4-E2B-it/resolve/main/tokenizer_config.json "HTTP/1.1 307 Temporary Redirect"
2026-09-01 20:34:55.069 - httpx - INFO - HTTP Request: HEAD https://huggingface.co/google/gemma-4-E2B-it/resolve/main/tokenizer_config.json "HTTP/1.1 307 Temporary Redirect"
2026-09-01 20:34:55.069 - huggingface_hub.utils._http - WARNING - Warning: You are sending unauthenticated requests to the HF Hub. Please set a HF_TOKEN to enable higher rate limits and faster downloads.
2026-09-01 20:34:55.070 - httpx - INFO - HTTP Request: HEAD https://huggingface.co/api/resolve-cache/models/google/gemma-4-E2B-it/3e22461f65e89153144f8adb70e3b8c2cc9845a7/tokenizer_config.json "HTTP/1.1 200 OK"
2026-09-01 20:34:55.080 - httpx - INFO - HTTP Request: HEAD https://huggingface.co/api/resolve-cache/models/google/gemma-4-E2B-it/3e22461f65e89153144f8adb70e3b8c2cc9845a7/tokenizer_config.json "HTTP/1.1 200 OK"
2026-09-01 20:34:55.198 - httpx - INFO - HTTP Request: GET https://huggingface.co/api/models/google/gemma-4-E2B-it/tree/main/additional_chat_templates?recursive=false&expand=false "HTTP/1.1 404 Not Found"
2026-09-01 20:34:55.207 - httpx - INFO - HTTP Request: GET https://huggingface.co/api/models/google/gemma-4-E2B-it/tree/main/additional_chat_templates?recursive=false&expand=false "HTTP/1.1 404 Not Found"
2026-09-01 20:34:55.325 - httpx - INFO - HTTP Request: GET https://huggingface.co/api/models/google/gemma-4-E2B-it/tree/main?recursive=true&expand=false "HTTP/1.1 200 OK"
2026-09-01 20:34:55.328 - httpx - INFO - HTTP Request: GET https://huggingface.co/api/models/google/gemma-4-E2B-it/tree/main?recursive=true&expand=false "HTTP/1.1 200 OK"
2026-09-01 20:34:57.752 - httpx - INFO - HTTP Request: GET https://huggingface.co/api/models/google/gemma-4-E2B-it "HTTP/1.1 200 OK"
2026-09-01 20:34:57.758 - httpx - INFO - HTTP Request: GET https://huggingface.co/api/models/google/gemma-4-E2B-it "HTTP/1.1 200 OK"
2026-09-01 20:34:57.829 - dataset_manager - INFO - Tokenizer(s) configured in 4.70 seconds
2026-09-01 20:34:57.829 - dataset_manager - INFO - Configuring dataset for dataset_manager
2026-09-01 20:34:57.834 - InferenceResultParser_13746d17 - INFO - Initialized tokenizers: {'google/gemma-4-E2B-it': {'class': 'GemmaTokenizer', 'name_or_path': 'google/gemma-4-E2B-it'}} in 4.71 seconds
2026-09-01 20:34:59.437 - MemoryMapDatasetBackingStore_131215d7 - INFO - Memory-mapped backing store initialized (streaming to /tmp/aiperf_mmap_5983b2e6ef1c/dataset.dat)
2026-09-01 20:34:59.515 - MemoryMapDatasetBackingStore_131215d7 - INFO - Data file finalized: 100 conversations, 0.53 MB
2026-09-01 20:34:59.517 - MemoryMapDatasetBackingStore_131215d7 - INFO - Index file created: /tmp/aiperf_mmap_5983b2e6ef1c/index.dat
2026-09-01 20:34:59.518 - dataset_manager - INFO - Backing store finalized: client_type=DatasetClientStoreType.MEMORY_MAP format=MemoryMapFormat.CONVERSATION data_file_path=PosixPath('/tmp/aiperf_mmap_5983b2e6ef1c/dataset.dat') index_file_path=PosixPath('/tmp/aiperf_mmap_5983b2e6ef1c/index.dat') conversation_count=100 total_size_bytes=552028 compressed=False compressed_data_file_path=None compressed_index_file_path=None compressed_size_bytes=0
2026-09-01 20:34:59.520 - dataset_manager - INFO - sampling strategy: sequential, unique conversations: 100, unique turn count: 100
2026-09-01 20:34:59.521 - dataset_manager - INFO - Generating inputs.json file at /home/philip/repos/kai-bench/client/sglang/gemma-4/E2B-it/inputs.json
2026-09-01 20:34:59.531 - dataset_manager - INFO - inputs.json file generated in 0.01 seconds
2026-09-01 20:34:59.556 - PhaseOrchestrator_882ba268 - INFO - Initialized 1 phase(s): ['Profiling']
2026-09-01 20:34:59.656 - system_controller - WARNING - Received command response for service we were not expecting: worker_fe098cb7. Ignoring.
2026-09-01 20:35:00.017 - dataset_manager - INFO - Dataset client initialized and freed 100 conversations from memory
2026-09-01 20:35:00.018 - dataset_manager - INFO - Dataset configured in 2.19 seconds
2026-09-01 20:35:00.297 - system_controller - INFO - All services configured in 7.17 seconds
2026-09-01 20:35:00.297 - system_controller - INFO - AIPerf System is CONFIGURED
2026-09-01 20:35:00.315 - RateTiming - INFO - Creating interval generator: pattern=concurrency_burst, rate=None, smoothness=None
2026-09-01 20:35:00.317 - PhaseRunner - NOTICE - Phase profiling (profiling) started | phase_index=0 | profiling_index=0 | target: 10 requests
2026-09-01 20:35:00.323 - records_manager - INFO - Credit phase start: profiling
2026-09-01 20:35:01.036 - system_controller - INFO - All services started profiling successfully
2026-09-01 20:35:01.036 - system_controller - INFO - AIPerf System is PROFILING
2026-09-01 20:36:08.162 - PhaseRunner - NOTICE - Phase profiling (profiling) sending complete | sent=10, completed=9, in_flight=1 | sessions: sent=10, completed=9
2026-09-01 20:36:08.164 - records_manager - INFO - Sent 10 requests. Waiting for all to complete...
2026-09-01 20:36:15.920 - PhaseRunner - NOTICE - Phase profiling (profiling) complete | completed=10, cancelled=0, errors=0 | sessions: completed=10, cancelled=0 | elapsed=75.60s
2026-09-01 20:36:15.921 - PhaseOrchestrator_882ba268 - NOTICE - All credits completed
2026-09-01 20:36:15.922 - records_manager - INFO - Received CREDIT_PHASE_COMPLETE message, Phase complete: PhaseRecordsStats(phase=CreditPhase.PROFILING, phase_index=0, profiling_index=0, phase_name='profiling', phase_kind='profiling', start_ns=1788287700316713760, sent_end_ns=1788287768162661168, requests_end_ns=1788287775920378064, baseline_start_ns=1788287700316641648, baseline_end_ns=1788287775920386432, total_expected_requests=10, expected_duration_sec=None, expected_num_sessions=None, expected_grace_period_sec=None, final_requests_sent=None, final_requests_completed=10, final_requests_cancelled=0, final_request_errors=0, final_sent_sessions=None, final_completed_sessions=None, final_cancelled_sessions=None, timeout_triggered=False, grace_period_timeout_triggered=False, was_cancelled=False, records_end_ns=None, success_records=9, error_records=0)
2026-09-01 20:36:15.923 - records_manager - NOTICE - All requests have completed, please wait for the results to be processed (currently 9 of 10 records processed)...
2026-09-01 20:36:15.923 - records_manager - INFO - All credits complete, please wait for the results to be processed...
2026-09-01 20:36:15.926 - system_controller - INFO - Received credits complete from 'timing_manager'
2026-09-01 20:36:15.929 - records_manager - INFO - Processed 10 valid requests and 0 errors (10 total).
2026-09-01 20:36:15.929 - records_manager - INFO - Received all records, processing now...
2026-09-01 20:36:15.932 - records_manager - INFO - Waiting 2.0s for server metrics flush period...
2026-09-01 20:36:17.921 - records_manager - INFO - Processing records results...
2026-09-01 20:36:17.929 - records_manager - INFO - _finalize_and_process_results completed
2026-09-01 20:36:17.930 - system_controller - INFO - All results received, initiating shutdown
2026-09-01 20:36:18.738 - ExporterManager - INFO - Exporting all records
2026-09-01 20:36:18.786 - ExporterManager - INFO - Exporting console data
